// Jest Snapshot v1, https://goo.gl/fbAQLP

exports[`test snap hah 1`] = `
<p>
  Hello world!
</p>
`;
